<html>
    <head>
        <link type="text/css" rel="stylesheet" href="../css/style.css"/>
        <title>Namespace Pattern</title>
        <script type="text/javascript">
            var App = {};
        </script>
        <script type="text/javascript" src="Namespace.js"></script>
        <style type="text/css">
            #test
            {
                margin-left: 40px;
            }
            #test span
            {
                margin-right: 10px;
            }
        </style>
    </head>
   <body>
        <div id="source">
            <h2>Source</h2>
            <pre>
    App.DOM.byId('test');
    var oAjax = new App.Ajax();
    oAjax.setUp().call();
            </pre>
        </div>
        <div id="console">
            <h2>Console</h2>
            <ul></ul>
            <h1>Namespace</h1>
        </div>
        <script type="text/javascript" src="../js/utils.js"></script>
        <script type="text/javascript">
            App.DOM.byId('test');
            var oAjax = new App.Ajax();
            oAjax.setUp().call();
        </script>
    </body>
</html>