From stefanie.schwabe@wanadoo.fr Wed, 2 May 2001 10:10:26 +0200
Date: Wed, 2 May 2001 10:10:26 +0200
From: Stefanie Schwabe stefanie.schwabe@wanadoo.fr
Subject: [Demuseum] =?iso-8859-1?Q?Re:_Multimedia_f=FCr_Preussen?=

Sehr geehrte Frau Bieber,

wenn Sie ihn nicht schon auf Ihrer Liste haben, so w=FCrde ich Ihnen folgend=
en
Link empfehlen:

Peter STEPHAN: "Die Fassadensysteme des sog=2E 'Schl=FCterhofes' im Stadtsch=
loss
zu Berlin" Freiburg: 2000=2E
On-Line-Publikation der Universit=E4t Freiburg:
http://www=2Eruf=2Euni-freiburg=2Ede/arthist/Online-Publikationen/Stephan_St=
adtsch
loss/

Mit freundlichen Gr=FCssen, Stefanie Schwabe=2E





