# http://module-build.sourceforge.net/META-spec.html
#XXXXXXX This is a prototype!!!  It will change in the future!!! XXXXX#
name:         Mail-SpamAssassin-Spamd-Apache2
version:      0.03
version_from: 
installdirs:  site
requires:
    Apache::Test:                  0
    File::Path:                    0
    File::Temp:                    0
    Getopt::Long:                  2.34
    Mail::SpamAssassin:            3.001
    mod_perl2:                     2

distribution_type: module
generated_by: ExtUtils::MakeMaker version 6.30
