<html>
    <head>
        <link type="text/css" rel="stylesheet" href="../css/style.css"/>
        <title>Namespace Pattern</title>
        <script type="text/javascript">
            var App = {};
        </script>
        <script type="text/javascript" src="Nullify.js"></script>
        <style type="text/css">
            #test
            {
                margin-left: 40px;
            }
            #test span
            {
                margin-right: 10px;
            }
        </style>
    </head>
   <body>
        <div id="source">
            <h2>Source</h2>
            <pre>
    var oNullify = new Nullify();
    oNullify.fillContent();
            </pre>
        </div>
        <div id="console">
            <h2>Console</h2>
            <div id='test'>
                <div id='test1'></div>
                <div id='test2'></div>
                <div id='test3'></div>
            </div>
            <ul></ul>
            <h1>Nullify</h1>
        </div>
        <script type="text/javascript" src="../js/utils.js"></script>
        <script type="text/javascript">
            var oNullify = new Nullify();
            oNullify.fillContent();
        </script>
    </body>
</html>