Return-Path: <newsletter-joh.dokler=nsc.ijs.si@linksandmail.com>
Delivered-To: spam-quarantine
X-SMTP-MAIL: <newsletter-joh.dokler=nsc.ijs.si@linksandmail.com>
X-SMTP-RCPT: <Joh.Dokler-pseudouser@forwarder.ijs.si>
X-Quarantine-id: <spam-3df3c6b0d99d7b3894111963f1d79502336f6d4b-20020620-082319-31067>
Received: from mailer1.linksandmail.com (mailer1.linksandmail.com [64.38.215.194])
	by Tink.ijs.si (Postfix) with SMTP id 5D7334812C
	for <joh.dokler@nsc.ijs.si>; Thu, 20 Jun 2002 08:00:10 +0200 (CEST)
Content-Transfer-Encoding: binary
Content-Type: multipart/alternative; boundary="_----------=_1024552428234762025905"
MIME-Version: 1.0
X-Mailer: MIME::Lite 2.117  (F2.6; B2.11; Q2.03)
Date: Thu, 20 Jun 2002 05:53:48 UT
From: "Newsletter" <newsletter-joh.dokler=nsc.ijs.si@linksandmail.com>
To: joh.dokler@nsc.ijs.si
Reply-To: customer-service@linksandmail.com
Subject: To get on the cheer squad I, licked a lot of pus...
Message-Id: <20020620060010.5D7334812C@Tink.ijs.si>

Content-Disposition: inline
Content-Length: 5162
Content-Transfer-Encoding: binary
Content-Type: text/html

<HTML>
<HEAD>
<TITLE>Untitled-1</TITLE>
<META HTTP-EQUIV="Content-Type" CONTENT="text/html; charset=iso-8859-1">
</HEAD>
<BODY BGCOLOR=#000000 LEFTMARGIN=0 TOPMARGIN=0 MARGINWIDTH=0 MARGINHEIGHT=0>
<div align="center"></div>
<TABLE WIDTH=697 BORDER=0 align="center" CELLPADDING=0 CELLSPACING=0>
  <TR>
		
    <TD> <a href="http://sexmailnetwork.com/count.cgi?queue_id=1024516018.4603&forward=http://harder-please.com/forward/LSU.htm"><IMG SRC="http://www.harder-please.com/lsu/1/index_01.jpg" ALT="" WIDTH=131 HEIGHT=149 border="0"></a></TD>
		
    <TD COLSPAN=2> <a href="http://sexmailnetwork.com/count.cgi?queue_id=1024516018.4603&forward=http://harder-please.com/forward/LSU.htm"><IMG SRC="http://www.harder-please.com/lsu/1/index_02.jpg" ALT="" WIDTH=184 HEIGHT=149 border="0"></a></TD>
		
    <TD COLSPAN=4> <a href="http://sexmailnetwork.com/count.cgi?queue_id=1024516018.4603&forward=http://harder-please.com/forward/LSU.htm"><IMG SRC="http://www.harder-please.com/lsu/1/index_03.jpg" ALT="" WIDTH=233 HEIGHT=149 border="0"></a></TD>
		
    <TD> <a href="http://sexmailnetwork.com/count.cgi?queue_id=1024516018.4603&forward=http://harder-please.com/forward/LSU.htm"><IMG SRC="http://www.harder-please.com/lsu/1/index_04.jpg" ALT="" WIDTH=149 HEIGHT=149 border="0"></a></TD>
		<TD>
			<IMG SRC="http://www.harder-please.com/lsu/1/spacer.gif" WIDTH=1 HEIGHT=149 ALT=""></TD>
	</TR>
	<TR>
		
    <TD> <a href="http://sexmailnetwork.com/count.cgi?queue_id=1024516018.4603&forward=http://harder-please.com/forward/LSU.htm"><IMG SRC="http://www.harder-please.com/lsu/1/index_05.jpg" ALT="" WIDTH=131 HEIGHT=147 border="0"></a></TD>
    <TD COLSPAN=3> <a href="http://sexmailnetwork.com/count.cgi?queue_id=1024516018.4603&forward=http://harder-please.com/forward/LSU.htm"><IMG SRC="http://www.harder-please.com/lsu/1/index_06.jpg" ALT="" WIDTH=204 HEIGHT=147 border="0"></a></TD>
    <TD COLSPAN=2> <a href="http://sexmailnetwork.com/count.cgi?queue_id=1024516018.4603&forward=http://harder-please.com/forward/LSU.htm"><IMG SRC="http://www.harder-please.com/lsu/1/index_07.jpg" ALT="" WIDTH=182 HEIGHT=147 border="0"></a></TD>
    <TD COLSPAN=2 ROWSPAN=2> <a href="http://sexmailnetwork.com/count.cgi?queue_id=1024516018.4603&forward=http://harder-please.com/forward/LSU.htm"><IMG SRC="http://www.harder-please.com/lsu/1/index_08.jpg" ALT="" WIDTH=180 HEIGHT=156 border="0"></a></TD>
		<TD>
			<IMG SRC="http://www.harder-please.com/lsu/1/spacer.gif" WIDTH=1 HEIGHT=147 ALT=""></TD>
	</TR>
	<TR>
		
    <TD COLSPAN=2 ROWSPAN=2> <a href="http://sexmailnetwork.com/count.cgi?queue_id=1024516018.4603&forward=http://harder-please.com/forward/LSU.htm"><IMG SRC="http://www.harder-please.com/lsu/1/index_09.jpg" ALT="" WIDTH=191 HEIGHT=177 border="0"></a></TD>
		
    <TD COLSPAN=3 ROWSPAN=2> <a href="http://sexmailnetwork.com/count.cgi?queue_id=1024516018.4603&forward=http://harder-please.com/forward/LSU.htm"><IMG SRC="http://www.harder-please.com/lsu/1/index_10.jpg" ALT="" WIDTH=180 HEIGHT=177 border="0"></a></TD>
		
    <TD ROWSPAN=2> <a href="http://sexmailnetwork.com/count.cgi?queue_id=1024516018.4603&forward=http://harder-please.com/forward/LSU.htm"><IMG SRC="http://www.harder-please.com/lsu/1/index_11.jpg" ALT="" WIDTH=146 HEIGHT=177 border="0"></a></TD>
		<TD>
			<IMG SRC="http://www.harder-please.com/lsu/1/spacer.gif" WIDTH=1 HEIGHT=9 ALT=""></TD>
	</TR>
	<TR>
		
    <TD COLSPAN=2> <a href="http://sexmailnetwork.com/count.cgi?queue_id=1024516018.4603&forward=http://harder-please.com/forward/LSU.htm"><IMG SRC="http://www.harder-please.com/lsu/1/index_12.jpg" ALT="" WIDTH=180 HEIGHT=168 border="0"></a></TD>
		<TD>
			<IMG SRC="http://www.harder-please.com/lsu/1/spacer.gif" WIDTH=1 HEIGHT=168 ALT=""></TD>
	</TR>
	<TR>
		<TD>
			<IMG SRC="http://www.harder-please.com/lsu/1/spacer.gif" WIDTH=131 HEIGHT=1 ALT=""></TD>
		<TD>
			<IMG SRC="http://www.harder-please.com/lsu/1/spacer.gif" WIDTH=60 HEIGHT=1 ALT=""></TD>
		<TD>
			<IMG SRC="http://www.harder-please.com/lsu/1/spacer.gif" WIDTH=124 HEIGHT=1 ALT=""></TD>
		<TD>
			<IMG SRC="http://www.harder-please.com/lsu/1/spacer.gif" WIDTH=20 HEIGHT=1 ALT=""></TD>
		<TD>
			<IMG SRC="http://www.harder-please.com/lsu/1/spacer.gif" WIDTH=36 HEIGHT=1 ALT=""></TD>
		<TD>
			<IMG SRC="http://www.harder-please.com/lsu/1/spacer.gif" WIDTH=146 HEIGHT=1 ALT=""></TD>
		<TD>
			<IMG SRC="http://www.harder-please.com/lsu/1/spacer.gif" WIDTH=31 HEIGHT=1 ALT=""></TD>
		<TD>
			<IMG SRC="http://www.harder-please.com/lsu/1/spacer.gif" WIDTH=149 HEIGHT=1 ALT=""></TD>
		<TD></TD>
	</TR>
</TABLE>
<div align="center"><a href="http://sexmailnetwork.com/count.cgi?queue_id=1024516018.4603&forward=http://harder-please.com/forward/LSU.htm"><IMG SRC="http://www.harder-please.com/lsu/1/enter.gif" width="700" height="33" border="0"></a> 
</div>
<div align="center"><a href="http://www.sexmailnetwork.com/unsubscribe.cgi?subscription_id=1001900781"><IMG SRC="http://www.harder-please.com/lsu/1/uns.gif" border="0"></a></div>
<IMG height=1 width=1 src="http://sexmailnetwork.com/count.cgi?queue_id=1024516018.4603" border=0>
</BODY>
</HTML>
--_----------=_1024552428234762025905--



