<html>
  <head>
    <link type="text/css" rel="stylesheet" href="../../css/style.css"/>
	<title>Proxy Pattern</title>
	<script type="text/javascript" src="PublicLibrary.js"></script>
	<script type="text/javascript" src="PublicLibraryProxy.js"></script>
  </head>
  <body>
    <div id="source">
      <h2>Source</h2>
      <pre>
var oProxyLibrary = new PublicLibraryProxy([]);
oProxyLibrary.findBooks('test');
      </pre>
    </div>
    <div id="console">
    	<h2>Console</h2>
	    <ul></ul>
	    <h1>PROXY</h1>
    </div>
    <script type="text/javascript" src="../../js/utils.js"></script>
    <script type="text/javascript">
		var oProxyLibrary = new PublicLibraryProxy([]);
		oProxyLibrary.findBooks('test');
    </script>
  </body>
</html>
