{
  "name": "javascript",
  "homepage": "https://github.com/airbnb/javascript",
  "_release": "483bc27a7c",
  "_resolution": {
    "type": "commit",
    "commit": "483bc27a7cf7e8b358621f03ded120e2998854ca"
  },
  "_source": "https://github.com/airbnb/javascript.git",
  "_target": "483bc27a7cf7e8b358621f03ded120e2998854ca",
  "_originalSource": "https://github.com/airbnb/javascript.git",
  "_direct": true
}